src.helper.process_requests - ERROR - Unknown error occured with exception Invalid URL '': No schema supplied. Perhaps you meant http://?
